format_total(total_text=MY Total + gst: MYR10,682.12)
format_total(total_text=QA Total + gst: QAR 545.81)
format_total(total_text=IS Total + gst: 510, ISK)
format_total(total_text=FI Total + gst: 5 362,50 EUR)
format_total(total_text=MT Total + gst: EUR3,061.34)
format_total(total_text=CH Total + gst: CHF 1'390.41)
format_total(total_text=BE Total + gst: 4.355,05 EUR)
format_total(total_text=SA Total + gst: SAR 10,505.13)
format_total(total_text=IQ Total + gst: IQD 2,774.226)
format_total(total_text=PR Total + gst: USD3,490.46)
format_total(total_text=CL Total + gst: CLP9.607)
format_total(total_text=AT Total + gst: EUR 9.822,03)
format_total(total_text=GB Total + gst: GBP9,608.66)
format_total(total_text=PA Total + gst: PAB6,552.74)
format_total(total_text=YE Total + gst: YER 10,948.34)
format_total(total_text=MK Total + gst: MKD 4.953,44)
format_total(total_text=CA Total + gst: 5 054,63 CAD)
format_total(total_text=VN Total + gst: 3.915 VND)
format_total(total_text=NL Total + gst: EUR 2.493,86)
format_total(total_text=US Total + gst: USD2,043.96)
format_total(total_text=CN Total + gst: CNY4,655.23)
format_total(total_text=HN Total + gst: HNL978.05)
format_total(total_text=US Total + gst: USD717.31)
format_total(total_text=MA Total + gst: MAD 7,838.68)
format_total(total_text=ID Total + gst: IDR10.517,22)
format_total(total_text=ZA Total + gst: ZAR 8,375.51)
format_total(total_text=KR Total + gst: KRW9,351)
format_total(total_text=TN Total + gst: TND 6,525.226)
format_total(total_text=RS Total + gst: RSD 4.839,06)
format_total(total_text=BY Total + gst: BYR4 618)
format_total(total_text=TW Total + gst: TWD10,052.97)
format_total(total_text=SD Total + gst: SDG 3,822.53)
format_total(total_text=BO Total + gst: BOB4.860,94)
format_total(total_text=DZ Total + gst: DZD 2,680.7)
format_total(total_text=AR Total + gst: ARS5.726,70)
format_total(total_text=AE Total + gst: AED 6,618.85)
format_total(total_text=CA Total + gst: 5 580,42 CAD)
format_total(total_text=LT Total + gst: 2 944,89 EUR)
format_total(total_text=SY Total + gst: SYP 1,457.59)
format_total(total_text=RU Total + gst: 4 092,01 RUB)
format_total(total_text=BE Total + gst: 3.349,52 EUR)
format_total(total_text=ES Total + gst: EUR 6.343,73)
format_total(total_text=IL Total + gst: 8,413.01 ILS)
format_total(total_text=DK Total + gst: DKK 161,71)
format_total(total_text=CR Total + gst: CRC233.27)
format_total(total_text=HK Total + gst: HKD8,383.24)
format_total(total_text=ES Total + gst: EUR 486,29)
format_total(total_text=TH Total + gst: THB2,867.82)
format_total(total_text=UA Total + gst: 4 059,2 UAH)
format_total(total_text=DO Total + gst: DOP4,948.94)
format_total(total_text=VE Total + gst: VEF7.322,82)
format_total(total_text=PL Total + gst: 6 273,46 PLN)
format_total(total_text=LY Total + gst: LYD 6,365.712)
format_total(total_text=JO Total + gst: JOD 884.43)
format_total(total_text=HU Total + gst: 442,34 HUF)
format_total(total_text=GT Total + gst: GTQ6,062.23)
format_total(total_text=PY Total + gst: PYG4.655)
format_total(total_text=BG Total + gst: BGN9 021,18)
format_total(total_text=HR Total + gst: HRK 4.362,63)
format_total(total_text=RO Total + gst: 4.155,93 RON)
format_total(total_text=fr_LU Total + gst: 2 078,02 EUR)
format_total(total_text=SG Total + gst: SGD1,289.38)
format_total(total_text=EC Total + gst: USD1.508,17)
format_total(total_text=BA Total + gst: BAM 9,080.64)
format_total(total_text=NI Total + gst: NIO6,865.29)
format_total(total_text=SV Total + gst: SVC7,509.72)
format_total(total_text=IN Total + gst: INR २,२०८.८९)
format_total(total_text=GR Total + gst: 5.401,11 EUR)
format_total(total_text=SI Total + gst: EUR 6.576)
format_total(total_text=IT Total + gst: EUR 694,10)
format_total(total_text=JP Total + gst: JPY4,314)
format_total(total_text=de_LU Total + gst: 8.493,20 EUR)
format_total(total_text=CH Total + gst: CHF 6'791.56)
format_total(total_text=MT Total + gst: EUR10,731.72)
format_total(total_text=BH Total + gst: BHD 7,070.824)
format_total(total_text=ME Total + gst: EUR 6.235,91)
format_total(total_text=BR Total + gst: BRL 1.750,25)
format_total(total_text=NO Total + gst: NOK 2 185,89)
format_total(total_text=CH Total + gst: CHF 8'463.42)
format_total(total_text=SG Total + gst: SGD6,749.68)
format_total(total_text=KW Total + gst: KWD 1,958.013)
format_total(total_text=EG Total + gst: EGP 7,325.02)
format_total(total_text=IE Total + gst: EUR8,514.19)
format_total(total_text=PE Total + gst: PEN9.297,34)
format_total(total_text=CZ Total + gst: 3 273,79 CZK)
format_total(total_text=TR Total + gst: 7.778,20 TRY)
format_total(total_text=UY Total + gst: UYU 3.926,00)
format_total(total_text=OM Total + gst: OMR 5,201.926)
format_total(total_text=CS Total + gst: CSD 5.501,22)
format_total(total_text=AL Total + gst: ALL3.583,91)
format_total(total_text=PT Total + gst: 4.744,49 EUR)
format_total(total_text=LV Total + gst: 2 625,9 EUR)
format_total(total_text=SK Total + gst: 6 661,81 EUR)
format_total(total_text=MX Total + gst: MXN5,188.83)
format_total(total_text=AU Total + gst: AUD3,198.84)
format_total(total_text=NZ Total + gst: NZD8,841.83)
format_total(total_text=SE Total + gst: 8 283,21 SEK)
format_total(total_text=LB Total + gst: LBP 464.21)
format_total(total_text=DE Total + gst: 3.765,50 EUR)
format_total(total_text=CO Total + gst: COP7.774,88)
format_total(total_text=PH Total + gst: PHP800.91)
format_total(total_text=EE Total + gst: 6 359,14 EUR)
format_total(total_text=CY Total + gst: EUR10.764,61)
format_total(total_text=FR Total + gst: 1 750,14 EUR)